// Jest Snapshot v1, https://goo.gl/fbAQLP

exports[`Routes component renders successfully 1`] = `ShallowWrapper {}`;
