// Jest Snapshot v1, https://goo.gl/fbAQLP

exports[`About component renders successfully 1`] = `ShallowWrapper {}`;
