// Jest Snapshot v1, https://goo.gl/fbAQLP

exports[`Companies component renders successfully 1`] = `ShallowWrapper {}`;
