// Jest Snapshot v1, https://goo.gl/fbAQLP

exports[`Contact component renders successfully 1`] = `ShallowWrapper {}`;
