// Jest Snapshot v1, https://goo.gl/fbAQLP

exports[`Home component renders successfully 1`] = `ShallowWrapper {}`;
