// Jest Snapshot v1, https://goo.gl/fbAQLP

exports[`SoftSkills component renders successfully 1`] = `ShallowWrapper {}`;
