// Jest Snapshot v1, https://goo.gl/fbAQLP

exports[`Tools component renders successfully 1`] = `ShallowWrapper {}`;
