// Jest Snapshot v1, https://goo.gl/fbAQLP

exports[`Footer component renders successfully 1`] = `ShallowWrapper {}`;
